slurmstepd: info: Setting TMPDIR to /scratch/11337142. Previous errors about TMPDIR can be discarded
python/3.9.9 loaded
jupyter-server/1.13.5-python-3.9.9 loaded
jupyterlab/3.2.4-python-3.9.9 loaded
Architecture:                    x86_64
CPU op-mode(s):                  32-bit, 64-bit
Byte Order:                      Little Endian
Address sizes:                   46 bits physical, 57 bits virtual
CPU(s):                          64
On-line CPU(s) list:             0-63
Thread(s) per core:              1
Core(s) per socket:              32
Socket(s):                       2
NUMA node(s):                    4
Vendor ID:                       GenuineIntel
CPU family:                      6
Model:                           106
Model name:                      Intel(R) Xeon(R) Platinum 8352Y CPU @ 2.20GHz
Stepping:                        6
CPU MHz:                         2798.684
CPU max MHz:                     3400.0000
CPU min MHz:                     800.0000
BogoMIPS:                        4400.00
Virtualization:                  VT-x
L1d cache:                       3 MiB
L1i cache:                       2 MiB
L2 cache:                        80 MiB
L3 cache:                        96 MiB
NUMA node0 CPU(s):               0-15
NUMA node1 CPU(s):               16-31
NUMA node2 CPU(s):               32-47
NUMA node3 CPU(s):               48-63
Vulnerability Itlb multihit:     Not affected
Vulnerability L1tf:              Not affected
Vulnerability Mds:               Not affected
Vulnerability Meltdown:          Not affected
Vulnerability Spec store bypass: Mitigation; Speculative Store Bypass disabled via prctl and seccomp
Vulnerability Spectre v1:        Mitigation; usercopy/swapgs barriers and __user pointer sanitization
Vulnerability Spectre v2:        Mitigation; Enhanced IBRS, IBPB conditional, RSB filling
Vulnerability Srbds:             Not affected
Vulnerability Tsx async abort:   Not affected
Flags:                           fpu vme de pse tsc msr pae mce cx8 apic sep mtrr pge mca cmov pat pse36 clflush dts acpi mmx fxsr sse sse2 ss ht tm pbe syscall nx pdpe1gb rdtscp lm constant_tsc art arch_perfmon pebs bts rep_good nopl xtopology nonstop_tsc cpuid aperfmperf pni pclmulqdq dtes64 monitor ds_cpl vmx smx est tm2 ssse3 sdbg fma cx16 xtpr pdcm pcid dca sse4_1 sse4_2 x2apic movbe popcnt tsc_deadline_timer aes xsave avx f16c rdrand lahf_lm abm 3dnowprefetch cpuid_fault epb cat_l3 invpcid_single intel_ppin ssbd mba ibrs ibpb stibp ibrs_enhanced tpr_shadow vnmi flexpriority ept vpid ept_ad fsgsbase tsc_adjust bmi1 hle avx2 smep bmi2 erms invpcid cqm rdt_a avx512f avx512dq rdseed adx smap avx512ifma clflushopt clwb intel_pt avx512cd sha_ni avx512bw avx512vl xsaveopt xsavec xgetbv1 xsaves cqm_llc cqm_occup_llc cqm_mbm_total cqm_mbm_local split_lock_detect wbnoinvd dtherm ida arat pln pts hwp hwp_act_window hwp_epp hwp_pkg_req avx512vbmi umip pku ospke avx512_vbmi2 gfni vaes vpclmulqdq avx512_vnni avx512_bitalg tme avx512_vpopcntdq la57 rdpid fsrm md_clear pconfig flush_l1d arch_capabilities
Traceback (most recent call last):
  File "/mnt/netapp2/Store_uni/home/usc/ei/ega/diego/pyfrechet/simulations_sphere/sphere_parallel.py", line 8, in <module>
    from pyfrechet.metric_spaces import MetricData, Sphere
  File "/mnt/netapp2/Store_uni/home/usc/ei/ega/diego/pyfrechet/pyfrechet/metric_spaces/__init__.py", line 1, in <module>
    from .metric_space import MetricSpace
  File "/mnt/netapp2/Store_uni/home/usc/ei/ega/diego/pyfrechet/pyfrechet/metric_spaces/metric_space.py", line 4, in <module>
    from .utils import coalesce_weights
  File "/mnt/netapp2/Store_uni/home/usc/ei/ega/diego/pyfrechet/pyfrechet/metric_spaces/utils.py", line 3, in <module>
    import os, psutils
ModuleNotFoundError: No module named 'psutils'
Auto packing the repository in background for optimum performance.
See "git help gc" for manual housekeeping.
[main aab3b41b9] Simulations Sphere block 1
 723 files changed, 40 insertions(+), 2385 deletions(-)
 rename slurm-H2-block1-jobid-11336859.out => 11337142-S2-block1.out (91%)
 rename slurm-H2-block1-jobid-11226593.out => 11337143-H2-block1.out (67%)
 create mode 100644 simulations_euc/results/euc_samp14_N100_sigma0.6_block_1_results.npy
 create mode 100644 simulations_euc/results/euc_samp14_N100_sigma0.9_block_1_results.npy
 create mode 100644 simulations_euc/results/euc_samp14_N100_sigma1.7_block_1_results.npy
 create mode 100644 simulations_euc/results/euc_samp14_N200_sigma0.6_block_1_results.npy
 create mode 100644 simulations_euc/results/euc_samp14_N200_sigma0.9_block_1_results.npy
 create mode 100644 simulations_euc/results/euc_samp14_N200_sigma1.7_block_1_results.npy
 create mode 100644 simulations_euc/results/euc_samp14_N500_sigma0.6_block_1_results.npy
 create mode 100644 simulations_euc/results/euc_samp14_N500_sigma0.9_block_1_results.npy
 create mode 100644 simulations_euc/results/euc_samp14_N500_sigma1.7_block_1_results.npy
 create mode 100644 simulations_euc/results/euc_samp14_N50_sigma0.6_block_1_results.npy
 create mode 100644 simulations_euc/results/euc_samp14_N50_sigma0.9_block_1_results.npy
 create mode 100644 simulations_euc/results/euc_samp14_N50_sigma1.7_block_1_results.npy
 create mode 100644 simulations_euc/results/euc_samp15_N100_sigma0.6_block_1_results.npy
 create mode 100644 simulations_euc/results/euc_samp15_N100_sigma0.9_block_1_results.npy
 create mode 100644 simulations_euc/results/euc_samp15_N100_sigma1.7_block_1_results.npy
 create mode 100644 simulations_euc/results/euc_samp15_N200_sigma0.6_block_1_results.npy
 create mode 100644 simulations_euc/results/euc_samp15_N200_sigma0.9_block_1_results.npy
 create mode 100644 simulations_euc/results/euc_samp15_N200_sigma1.7_block_1_results.npy
 create mode 100644 simulations_euc/results/euc_samp15_N500_sigma0.6_block_1_results.npy
 create mode 100644 simulations_euc/results/euc_samp15_N500_sigma0.9_block_1_results.npy
 create mode 100644 simulations_euc/results/euc_samp15_N500_sigma1.7_block_1_results.npy
 create mode 100644 simulations_euc/results/euc_samp15_N50_sigma0.6_block_1_results.npy
 create mode 100644 simulations_euc/results/euc_samp15_N50_sigma0.9_block_1_results.npy
 create mode 100644 simulations_euc/results/euc_samp15_N50_sigma1.7_block_1_results.npy
 create mode 100644 simulations_euc/results/euc_samp48_N100_sigma0.6_block_1_results.npy
 create mode 100644 simulations_euc/results/euc_samp48_N100_sigma0.9_block_1_results.npy
 create mode 100644 simulations_euc/results/euc_samp48_N100_sigma1.7_block_1_results.npy
 create mode 100644 simulations_euc/results/euc_samp48_N200_sigma0.6_block_1_results.npy
 create mode 100644 simulations_euc/results/euc_samp48_N200_sigma0.9_block_1_results.npy
 create mode 100644 simulations_euc/results/euc_samp48_N200_sigma1.7_block_1_results.npy
 create mode 100644 simulations_euc/results/euc_samp48_N500_sigma0.6_block_1_results.npy
 create mode 100644 simulations_euc/results/euc_samp48_N500_sigma0.9_block_1_results.npy
 create mode 100644 simulations_euc/results/euc_samp48_N500_sigma1.7_block_1_results.npy
 create mode 100644 simulations_euc/results/euc_samp48_N50_sigma0.6_block_1_results.npy
 create mode 100644 simulations_euc/results/euc_samp48_N50_sigma0.9_block_1_results.npy
 create mode 100644 simulations_euc/results/euc_samp48_N50_sigma1.7_block_1_results.npy
 create mode 100644 simulations_euc/results/euc_samp49_N100_sigma0.6_block_1_results.npy
 create mode 100644 simulations_euc/results/euc_samp49_N100_sigma0.9_block_1_results.npy
 create mode 100644 simulations_euc/results/euc_samp49_N100_sigma1.7_block_1_results.npy
 create mode 100644 simulations_euc/results/euc_samp49_N200_sigma0.6_block_1_results.npy
 create mode 100644 simulations_euc/results/euc_samp49_N200_sigma0.9_block_1_results.npy
 create mode 100644 simulations_euc/results/euc_samp49_N200_sigma1.7_block_1_results.npy
 create mode 100644 simulations_euc/results/euc_samp49_N500_sigma0.6_block_1_results.npy
 create mode 100644 simulations_euc/results/euc_samp49_N500_sigma0.9_block_1_results.npy
 create mode 100644 simulations_euc/results/euc_samp49_N500_sigma1.7_block_1_results.npy
 create mode 100644 simulations_euc/results/euc_samp49_N50_sigma0.6_block_1_results.npy
 create mode 100644 simulations_euc/results/euc_samp49_N50_sigma0.9_block_1_results.npy
 create mode 100644 simulations_euc/results/euc_samp49_N50_sigma1.7_block_1_results.npy
 create mode 100644 simulations_euc/results/euc_samp50_N100_sigma0.6_block_1_results.npy
 create mode 100644 simulations_euc/results/euc_samp50_N100_sigma0.9_block_1_results.npy
 create mode 100644 simulations_euc/results/euc_samp50_N100_sigma1.7_block_1_results.npy
 create mode 100644 simulations_euc/results/euc_samp50_N200_sigma0.6_block_1_results.npy
 create mode 100644 simulations_euc/results/euc_samp50_N200_sigma0.9_block_1_results.npy
 create mode 100644 simulations_euc/results/euc_samp50_N200_sigma1.7_block_1_results.npy
 create mode 100644 simulations_euc/results/euc_samp50_N500_sigma0.6_block_1_results.npy
 create mode 100644 simulations_euc/results/euc_samp50_N500_sigma0.9_block_1_results.npy
 create mode 100644 simulations_euc/results/euc_samp50_N500_sigma1.7_block_1_results.npy
 create mode 100644 simulations_euc/results/euc_samp50_N50_sigma0.6_block_1_results.npy
 create mode 100644 simulations_euc/results/euc_samp50_N50_sigma0.9_block_1_results.npy
 create mode 100644 simulations_euc/results/euc_samp50_N50_sigma1.7_block_1_results.npy
 create mode 100644 simulations_euc/results/euc_samp51_N100_sigma0.6_block_1_results.npy
 create mode 100644 simulations_euc/results/euc_samp51_N100_sigma0.9_block_1_results.npy
 create mode 100644 simulations_euc/results/euc_samp51_N100_sigma1.7_block_1_results.npy
 create mode 100644 simulations_euc/results/euc_samp51_N200_sigma0.6_block_1_results.npy
 create mode 100644 simulations_euc/results/euc_samp51_N200_sigma0.9_block_1_results.npy
 create mode 100644 simulations_euc/results/euc_samp51_N200_sigma1.7_block_1_results.npy
 create mode 100644 simulations_euc/results/euc_samp51_N500_sigma0.6_block_1_results.npy
 create mode 100644 simulations_euc/results/euc_samp51_N500_sigma0.9_block_1_results.npy
 create mode 100644 simulations_euc/results/euc_samp51_N500_sigma1.7_block_1_results.npy
 create mode 100644 simulations_euc/results/euc_samp51_N50_sigma0.6_block_1_results.npy
 create mode 100644 simulations_euc/results/euc_samp51_N50_sigma0.9_block_1_results.npy
 create mode 100644 simulations_euc/results/euc_samp51_N50_sigma1.7_block_1_results.npy
 create mode 100644 simulations_euc/results/euc_samp52_N100_sigma0.6_block_1_results.npy
 create mode 100644 simulations_euc/results/euc_samp52_N100_sigma0.9_block_1_results.npy
 create mode 100644 simulations_euc/results/euc_samp52_N100_sigma1.7_block_1_results.npy
 create mode 100644 simulations_euc/results/euc_samp52_N200_sigma0.6_block_1_results.npy
 create mode 100644 simulations_euc/results/euc_samp52_N200_sigma0.9_block_1_results.npy
 create mode 100644 simulations_euc/results/euc_samp52_N200_sigma1.7_block_1_results.npy
 create mode 100644 simulations_euc/results/euc_samp52_N500_sigma0.6_block_1_results.npy
 create mode 100644 simulations_euc/results/euc_samp52_N500_sigma0.9_block_1_results.npy
 create mode 100644 simulations_euc/results/euc_samp52_N500_sigma1.7_block_1_results.npy
 create mode 100644 simulations_euc/results/euc_samp52_N50_sigma0.6_block_1_results.npy
 create mode 100644 simulations_euc/results/euc_samp52_N50_sigma0.9_block_1_results.npy
 create mode 100644 simulations_euc/results/euc_samp52_N50_sigma1.7_block_1_results.npy
 create mode 100644 simulations_euc/results/euc_samp53_N100_sigma0.6_block_1_results.npy
 delete mode 100644 slurm-H2-block1-jobid-11296722.out
 delete mode 100644 slurm-H2-block1-jobid-11296878.out
 delete mode 100644 slurm-H2-block1-jobid-11312666.out
 delete mode 100644 slurm-H2-block1-jobid-11312913.out
 delete mode 100644 slurm-H2-block1-jobid-11314353.out
 delete mode 100644 slurm-H2-block1-jobid-11314747.out
 delete mode 100644 slurm-H2-block1-jobid-11316192.out
 delete mode 100644 slurm-H2-block1-jobid-11317998.out
 delete mode 100644 slurm-NYTuning.out
 delete mode 100644 slurm-euc-block1-jobid-11226540.out
 delete mode 100644 slurm-euc-block1-jobid-11260218.out
 delete mode 100644 slurm-euc-block1-jobid-11282028.out
 delete mode 100644 slurm-euc-block1-jobid-11282101.out
 delete mode 100644 slurm-euc-block1-jobid-11282104.out
 delete mode 100644 slurm-euc-block1-jobid-11296637.out
 delete mode 100644 slurm-euc-block1-jobid-11312955.out
 delete mode 100644 slurm-euc-block1-jobid-11314744.out
 delete mode 100644 slurm-euc-block1-jobid-11336858.out
 delete mode 100644 slurm-sphere-block1-jobid-11226537.out
 delete mode 100644 slurm-sphere-block1-jobid-11296721.out
 delete mode 100644 slurm-sphere-block1-jobid-11312809.out
 delete mode 100644 slurm-sphere-block1-jobid-11312916.out
 delete mode 100644 slurm-sphere-block1-jobid-11314746.out
 delete mode 100644 slurm-sphere-block1-jobid-11318670.out
 delete mode 100644 slurm-sphere-block1-jobid-11336857.out
To github.com:egarpor/pyfrechet.git
   cc3abb2fb..aab3b41b9  main -> main

*****************************************************************************
*                                                                           *
*                    JOB EFFICIENCY REPORT (seff 11337142)                   *
*                                                                           *
*****************************************************************************

Job ID: 11337142
Cluster: finisterrae3
User/Group: usceiega/usc
State: COMPLETED (exit code 0)
Nodes: 1
Cores per node: 32
CPU Utilized: 00:00:05
CPU Efficiency: 0.82% of 00:10:08 core-walltime
Job Wall-clock time: 00:00:19
Memory Utilized: 0.00 MB (estimated maximum)
Memory Efficiency: 0.00% of 8.00 GB (8.00 GB/node)

 +++++++++++++++++++++++++++++++++++++++++++++++++++++++++++++++++++++++++++
 ++   Memory Efficiency is too small. Please review the requested memory. ++
 ++ It seems that you do not need that much memory so we recommend        ++
 ++ requesting less memory in other similar jobs.                         ++
 +++++++++++++++++++++++++++++++++++++++++++++++++++++++++++++++++++++++++++
 
*****************************************************************************

