slurmstepd: info: Setting TMPDIR to /scratch/11341299. Previous errors about TMPDIR can be discarded
python/3.9.9 loaded
jupyter-server/1.13.5-python-3.9.9 loaded
jupyterlab/3.2.4-python-3.9.9 loaded
Architecture:                    x86_64
CPU op-mode(s):                  32-bit, 64-bit
Byte Order:                      Little Endian
Address sizes:                   46 bits physical, 57 bits virtual
CPU(s):                          64
On-line CPU(s) list:             0-63
Thread(s) per core:              1
Core(s) per socket:              32
Socket(s):                       2
NUMA node(s):                    4
Vendor ID:                       GenuineIntel
CPU family:                      6
Model:                           106
Model name:                      Intel(R) Xeon(R) Platinum 8352Y CPU @ 2.20GHz
Stepping:                        6
CPU MHz:                         2690.733
CPU max MHz:                     3400.0000
CPU min MHz:                     800.0000
BogoMIPS:                        4400.00
Virtualization:                  VT-x
L1d cache:                       3 MiB
L1i cache:                       2 MiB
L2 cache:                        80 MiB
L3 cache:                        96 MiB
NUMA node0 CPU(s):               0-15
NUMA node1 CPU(s):               16-31
NUMA node2 CPU(s):               32-47
NUMA node3 CPU(s):               48-63
Vulnerability Itlb multihit:     Not affected
Vulnerability L1tf:              Not affected
Vulnerability Mds:               Not affected
Vulnerability Meltdown:          Not affected
Vulnerability Spec store bypass: Mitigation; Speculative Store Bypass disabled via prctl and seccomp
Vulnerability Spectre v1:        Mitigation; usercopy/swapgs barriers and __user pointer sanitization
Vulnerability Spectre v2:        Mitigation; Enhanced IBRS, IBPB conditional, RSB filling
Vulnerability Srbds:             Not affected
Vulnerability Tsx async abort:   Not affected
Flags:                           fpu vme de pse tsc msr pae mce cx8 apic sep mtrr pge mca cmov pat pse36 clflush dts acpi mmx fxsr sse sse2 ss ht tm pbe syscall nx pdpe1gb rdtscp lm constant_tsc art arch_perfmon pebs bts rep_good nopl xtopology nonstop_tsc cpuid aperfmperf pni pclmulqdq dtes64 monitor ds_cpl vmx smx est tm2 ssse3 sdbg fma cx16 xtpr pdcm pcid dca sse4_1 sse4_2 x2apic movbe popcnt tsc_deadline_timer aes xsave avx f16c rdrand lahf_lm abm 3dnowprefetch cpuid_fault epb cat_l3 invpcid_single intel_ppin ssbd mba ibrs ibpb stibp ibrs_enhanced tpr_shadow vnmi flexpriority ept vpid ept_ad fsgsbase tsc_adjust bmi1 hle avx2 smep bmi2 erms invpcid cqm rdt_a avx512f avx512dq rdseed adx smap avx512ifma clflushopt clwb intel_pt avx512cd sha_ni avx512bw avx512vl xsaveopt xsavec xgetbv1 xsaves cqm_llc cqm_occup_llc cqm_mbm_total cqm_mbm_local split_lock_detect wbnoinvd dtherm ida arat pln pts hwp hwp_act_window hwp_epp hwp_pkg_req avx512vbmi umip pku ospke avx512_vbmi2 gfni vaes vpclmulqdq avx512_vnni avx512_bitalg tme avx512_vpopcntdq la57 rdpid fsrm md_clear pconfig flush_l1d arch_capabilities
INFO: Using numpy backend

Percentage of tasks completed::   0%|          | 0/200 [00:00<?, ?it/s][Parallel(n_jobs=-1)]: Using backend LokyBackend with 32 concurrent workers.
INFO: Using numpy backend
INFO: Using numpy backend
INFO: Using numpy backend
INFO: Using numpy backend
INFO: Using numpy backend
INFO: Using numpy backend
INFO: Using numpy backend
INFO: Using numpy backend
INFO: Using numpy backend
INFO: Using numpy backend
INFO: Using numpy backend
INFO: Using numpy backend
INFO: Using numpy backend
INFO: Using numpy backend
INFO: Using numpy backend
INFO: Using numpy backend
INFO: Using numpy backend
INFO: Using numpy backend
INFO: Using numpy backend
INFO: Using numpy backend
INFO: Using numpy backend
INFO: Using numpy backend
INFO: Using numpy backend
INFO: Using numpy backend
INFO: Using numpy backend
INFO: Using numpy backend
INFO: Using numpy backend
INFO: Using numpy backend
INFO: Using numpy backend
INFO: Using numpy backend
INFO: Using numpy backend
INFO: Using numpy backend
/home/usc/ei/ega/.local/lib/python3.9/site-packages/sklearn/base.py:1152: ConvergenceWarning: Number of distinct clusters (1) found smaller than n_clusters (2). Possibly due to duplicate points in X.
  return fit_method(estimator, *args, **kwargs)

Percentage of tasks completed::   0%|          | 1/200 [02:15<7:31:03, 136.00s/it]
Percentage of tasks completed::   1%|          | 2/200 [02:16<3:06:01, 56.37s/it] 
Percentage of tasks completed::   2%|▏         | 3/200 [02:30<2:01:22, 36.97s/it]
Percentage of tasks completed::   2%|▏         | 4/200 [02:32<1:15:50, 23.22s/it]
Percentage of tasks completed::   2%|▎         | 5/200 [02:35<51:15, 15.77s/it]  
Percentage of tasks completed::   3%|▎         | 6/200 [02:38<37:20, 11.55s/it]
Percentage of tasks completed::   4%|▎         | 7/200 [02:39<26:28,  8.23s/it]
Percentage of tasks completed::   4%|▍         | 8/200 [02:40<18:41,  5.84s/it]
Percentage of tasks completed::   4%|▍         | 9/200 [04:57<2:28:52, 46.76s/it]
Percentage of tasks completed::   5%|▌         | 10/200 [04:58<1:43:05, 32.55s/it]
Percentage of tasks completed::   6%|▌         | 11/200 [05:05<1:18:30, 24.92s/it]
Percentage of tasks completed::   6%|▌         | 12/200 [05:09<58:04, 18.53s/it]  
Percentage of tasks completed::   6%|▋         | 13/200 [05:10<40:47, 13.09s/it]
Percentage of tasks completed::   7%|▋         | 14/200 [05:14<31:55, 10.30s/it]
Percentage of tasks completed::   8%|▊         | 15/200 [05:25<32:52, 10.66s/it]
Percentage of tasks completed::   8%|▊         | 16/200 [05:29<26:04,  8.51s/it]
Percentage of tasks completed::   8%|▊         | 17/200 [05:29<18:30,  6.07s/it]
Percentage of tasks completed::   9%|▉         | 18/200 [05:33<16:49,  5.55s/it]/home/usc/ei/ega/.local/lib/python3.9/site-packages/sklearn/base.py:1152: ConvergenceWarning: Number of distinct clusters (1) found smaller than n_clusters (2). Possibly due to duplicate points in X.
  return fit_method(estimator, *args, **kwargs)

Percentage of tasks completed::  10%|▉         | 19/200 [07:09<1:38:29, 32.65s/it]
Percentage of tasks completed::  10%|█         | 20/200 [07:38<1:34:52, 31.62s/it]
Percentage of tasks completed::  10%|█         | 21/200 [07:43<1:10:16, 23.56s/it]
Percentage of tasks completed::  11%|█         | 22/200 [07:57<1:01:08, 20.61s/it]
Percentage of tasks completed::  12%|█▏        | 23/200 [10:20<2:48:58, 57.28s/it]
Percentage of tasks completed::  12%|█▏        | 24/200 [10:25<2:02:25, 41.73s/it]
Percentage of tasks completed::  12%|█▎        | 25/200 [10:27<1:26:25, 29.63s/it]
Percentage of tasks completed::  13%|█▎        | 26/200 [10:56<1:25:25, 29.46s/it]
Percentage of tasks completed::  14%|█▎        | 27/200 [10:57<1:00:41, 21.05s/it]
Percentage of tasks completed::  14%|█▍        | 28/200 [10:59<43:40, 15.24s/it]  
Percentage of tasks completed::  14%|█▍        | 29/200 [11:02<33:05, 11.61s/it]
Percentage of tasks completed::  15%|█▌        | 30/200 [11:02<23:30,  8.30s/it]
Percentage of tasks completed::  16%|█▌        | 31/200 [11:09<22:09,  7.86s/it]
Percentage of tasks completed::  16%|█▌        | 32/200 [12:01<58:33, 20.91s/it]
Percentage of tasks completed::  16%|█▋        | 33/200 [12:03<42:32, 15.28s/it]
Percentage of tasks completed::  17%|█▋        | 34/200 [12:07<33:13, 12.01s/it]
Percentage of tasks completed::  18%|█▊        | 35/200 [12:52<1:00:11, 21.89s/it]
Percentage of tasks completed::  18%|█▊        | 36/200 [12:55<44:18, 16.21s/it]  
Percentage of tasks completed::  18%|█▊        | 37/200 [13:01<35:17, 12.99s/it]
Percentage of tasks completed::  19%|█▉        | 38/200 [13:03<26:18,  9.74s/it]
Percentage of tasks completed::  20%|█▉        | 39/200 [13:37<46:16, 17.25s/it]
Percentage of tasks completed::  20%|██        | 40/200 [14:25<1:10:19, 26.37s/it]
Percentage of tasks completed::  20%|██        | 41/200 [15:55<2:00:29, 45.47s/it]
Percentage of tasks completed::  21%|██        | 42/200 [15:56<1:24:36, 32.13s/it]
Percentage of tasks completed::  22%|██▏       | 43/200 [16:01<1:02:31, 23.90s/it]
Percentage of tasks completed::  22%|██▏       | 44/200 [16:07<48:22, 18.61s/it]  /home/usc/ei/ega/.local/lib/python3.9/site-packages/sklearn/base.py:1152: ConvergenceWarning: Number of distinct clusters (1) found smaller than n_clusters (2). Possibly due to duplicate points in X.
  return fit_method(estimator, *args, **kwargs)

Percentage of tasks completed::  22%|██▎       | 45/200 [17:01<1:15:12, 29.11s/it]/home/usc/ei/ega/.local/lib/python3.9/site-packages/sklearn/base.py:1152: ConvergenceWarning: Number of distinct clusters (1) found smaller than n_clusters (2). Possibly due to duplicate points in X.
  return fit_method(estimator, *args, **kwargs)

Percentage of tasks completed::  23%|██▎       | 46/200 [17:12<1:00:50, 23.70s/it]
Percentage of tasks completed::  24%|██▎       | 47/200 [17:16<45:11, 17.72s/it]  
Percentage of tasks completed::  24%|██▍       | 48/200 [17:30<42:10, 16.65s/it]
Percentage of tasks completed::  24%|██▍       | 49/200 [18:52<1:31:10, 36.23s/it]
Percentage of tasks completed::  25%|██▌       | 50/200 [18:53<1:04:14, 25.69s/it]
Percentage of tasks completed::  26%|██▌       | 51/200 [19:42<1:21:15, 32.72s/it]
Percentage of tasks completed::  26%|██▌       | 52/200 [19:45<58:34, 23.75s/it]  
Percentage of tasks completed::  26%|██▋       | 53/200 [21:18<1:49:25, 44.67s/it]
Percentage of tasks completed::  27%|██▋       | 54/200 [21:22<1:19:09, 32.53s/it]
Percentage of tasks completed::  28%|██▊       | 55/200 [21:52<1:16:48, 31.78s/it]
Percentage of tasks completed::  28%|██▊       | 56/200 [22:11<1:06:26, 27.69s/it]
Percentage of tasks completed::  28%|██▊       | 57/200 [42:57<15:37:15, 393.26s/it]/home/usc/ei/ega/.local/lib/python3.9/site-packages/sklearn/base.py:1152: ConvergenceWarning: Number of distinct clusters (1) found smaller than n_clusters (2). Possibly due to duplicate points in X.
  return fit_method(estimator, *args, **kwargs)
/home/usc/ei/ega/.local/lib/python3.9/site-packages/sklearn/base.py:1152: ConvergenceWarning: Number of distinct clusters (1) found smaller than n_clusters (2). Possibly due to duplicate points in X.
  return fit_method(estimator, *args, **kwargs)
/home/usc/ei/ega/.local/lib/python3.9/site-packages/sklearn/base.py:1152: ConvergenceWarning: Number of distinct clusters (1) found smaller than n_clusters (2). Possibly due to duplicate points in X.
  return fit_method(estimator, *args, **kwargs)

Percentage of tasks completed::  60%|██████    | 120/200 [42:58<28:39, 21.49s/it]   
Traceback (most recent call last):
  File "/mnt/netapp2/Store_uni/home/usc/ei/ega/diego/pyfrechet/simulations_H2/H2_parallel.py", line 155, in <module>
    Parallel(n_jobs=-1, verbose=2)(delayed(task)(file) for file in file_list)
  File "/home/usc/ei/ega/.local/lib/python3.9/site-packages/joblib/parallel.py", line 2007, in __call__
    return output if self.return_generator else list(output)
  File "/home/usc/ei/ega/.local/lib/python3.9/site-packages/joblib/parallel.py", line 1650, in _get_outputs
    yield from self._retrieve()
  File "/home/usc/ei/ega/.local/lib/python3.9/site-packages/joblib/parallel.py", line 1754, in _retrieve
    self._raise_error_fast()
  File "/home/usc/ei/ega/.local/lib/python3.9/site-packages/joblib/parallel.py", line 1789, in _raise_error_fast
    error_job.get_result(self.timeout)
  File "/home/usc/ei/ega/.local/lib/python3.9/site-packages/joblib/parallel.py", line 745, in get_result
    return self._return_or_raise()
  File "/home/usc/ei/ega/.local/lib/python3.9/site-packages/joblib/parallel.py", line 763, in _return_or_raise
    raise self._result
joblib.externals.loky.process_executor.TerminatedWorkerError: A worker process managed by the executor was unexpectedly terminated. This could be caused by a segmentation fault while calling the function or by an excessive memory usage causing the Operating System to kill the worker.

The exit codes of the workers are {SIGKILL(-9)}
/home/usc/ei/ega/.local/lib/python3.9/site-packages/joblib/externals/loky/backend/resource_tracker.py:314: UserWarning: resource_tracker: There appear to be 62 leaked semlock objects to clean up at shutdown
  warnings.warn(
Auto packing the repository in background for optimum performance.
See "git help gc" for manual housekeeping.
[main ab01f891b] Simulations Hyperboloid block 1
 7 files changed, 46 insertions(+), 2 deletions(-)
 create mode 100644 simulations_sphere/results/sphere_samp15_N500_kappa200_block_1_results.npy
 create mode 100644 simulations_sphere/results/sphere_samp19_N100_kappa200_block_1_results.npy
To github.com:egarpor/pyfrechet.git
 ! [rejected]            main -> main (fetch first)
error: failed to push some refs to 'github.com:egarpor/pyfrechet.git'
hint: Updates were rejected because the remote contains work that you do
hint: not have locally. This is usually caused by another repository pushing
hint: to the same ref. You may want to first integrate the remote changes
hint: (e.g., 'git pull ...') before pushing again.
hint: See the 'Note about fast-forwards' in 'git push --help' for details.
slurmstepd: error: Detected 1 oom-kill event(s) in StepId=11341299.batch. Some of your processes may have been killed by the cgroup out-of-memory handler.
