slurmstepd: info: Setting TMPDIR to /scratch/11460915. Previous errors about TMPDIR can be discarded
python/3.9.9 loaded
jupyter-server/1.13.5-python-3.9.9 loaded
jupyterlab/3.2.4-python-3.9.9 loaded
Architecture:                    x86_64
CPU op-mode(s):                  32-bit, 64-bit
Byte Order:                      Little Endian
Address sizes:                   46 bits physical, 57 bits virtual
CPU(s):                          64
On-line CPU(s) list:             0-63
Thread(s) per core:              1
Core(s) per socket:              32
Socket(s):                       2
NUMA node(s):                    4
Vendor ID:                       GenuineIntel
CPU family:                      6
Model:                           106
Model name:                      Intel(R) Xeon(R) Platinum 8352Y CPU @ 2.20GHz
Stepping:                        6
CPU MHz:                         2800.035
CPU max MHz:                     3400.0000
CPU min MHz:                     800.0000
BogoMIPS:                        4400.00
Virtualization:                  VT-x
L1d cache:                       3 MiB
L1i cache:                       2 MiB
L2 cache:                        80 MiB
L3 cache:                        96 MiB
NUMA node0 CPU(s):               0-15
NUMA node1 CPU(s):               16-31
NUMA node2 CPU(s):               32-47
NUMA node3 CPU(s):               48-63
Vulnerability Itlb multihit:     Not affected
Vulnerability L1tf:              Not affected
Vulnerability Mds:               Not affected
Vulnerability Meltdown:          Not affected
Vulnerability Spec store bypass: Mitigation; Speculative Store Bypass disabled via prctl and seccomp
Vulnerability Spectre v1:        Mitigation; usercopy/swapgs barriers and __user pointer sanitization
Vulnerability Spectre v2:        Mitigation; Enhanced IBRS, IBPB conditional, RSB filling
Vulnerability Srbds:             Not affected
Vulnerability Tsx async abort:   Not affected
Flags:                           fpu vme de pse tsc msr pae mce cx8 apic sep mtrr pge mca cmov pat pse36 clflush dts acpi mmx fxsr sse sse2 ss ht tm pbe syscall nx pdpe1gb rdtscp lm constant_tsc art arch_perfmon pebs bts rep_good nopl xtopology nonstop_tsc cpuid aperfmperf pni pclmulqdq dtes64 monitor ds_cpl vmx smx est tm2 ssse3 sdbg fma cx16 xtpr pdcm pcid dca sse4_1 sse4_2 x2apic movbe popcnt tsc_deadline_timer aes xsave avx f16c rdrand lahf_lm abm 3dnowprefetch cpuid_fault epb cat_l3 invpcid_single intel_ppin ssbd mba ibrs ibpb stibp ibrs_enhanced tpr_shadow vnmi flexpriority ept vpid ept_ad fsgsbase tsc_adjust bmi1 hle avx2 smep bmi2 erms invpcid cqm rdt_a avx512f avx512dq rdseed adx smap avx512ifma clflushopt clwb intel_pt avx512cd sha_ni avx512bw avx512vl xsaveopt xsavec xgetbv1 xsaves cqm_llc cqm_occup_llc cqm_mbm_total cqm_mbm_local split_lock_detect wbnoinvd dtherm ida arat pln pts hwp hwp_act_window hwp_epp hwp_pkg_req avx512vbmi umip pku ospke avx512_vbmi2 gfni vaes vpclmulqdq avx512_vnni avx512_bitalg tme avx512_vpopcntdq la57 rdpid fsrm md_clear pconfig flush_l1d arch_capabilities
INFO: Using numpy backend
Percentage of tasks completed::   0%|          | 0/80 [00:00<?, ?it/s][Parallel(n_jobs=-1)]: Using backend LokyBackend with 32 concurrent workers.
INFO: Using numpy backend
INFO: Using numpy backend
INFO: Using numpy backend
INFO: Using numpy backend
INFO: Using numpy backend
INFO: Using numpy backend
INFO: Using numpy backend
INFO: Using numpy backend
INFO: Using numpy backend
INFO: Using numpy backend
INFO: Using numpy backend
INFO: Using numpy backend
INFO: Using numpy backend
INFO: Using numpy backend
INFO: Using numpy backend
INFO: Using numpy backend
INFO: Using numpy backend
INFO: Using numpy backend
INFO: Using numpy backend
INFO: Using numpy backend
INFO: Using numpy backend
INFO: Using numpy backend
INFO: Using numpy backend
INFO: Using numpy backend
INFO: Using numpy backend
INFO: Using numpy backend
INFO: Using numpy backend
INFO: Using numpy backend
INFO: Using numpy backend
INFO: Using numpy backend
INFO: Using numpy backend
INFO: Using numpy backend
WARNING: Maximum number of iterations 32 reached. The mean may be inaccurate
Percentage of tasks completed::   1%|▏         | 1/80 [09:51<12:59:23, 591.94s/it]Percentage of tasks completed::  80%|████████  | 64/80 [09:54<02:28,  9.29s/it]   
joblib.externals.loky.process_executor._RemoteTraceback: 
"""
Traceback (most recent call last):
  File "/home/usc/ei/ega/.local/lib/python3.9/site-packages/joblib/externals/loky/process_executor.py", line 463, in _process_worker
    r = call_item()
  File "/home/usc/ei/ega/.local/lib/python3.9/site-packages/joblib/externals/loky/process_executor.py", line 291, in __call__
    return self.fn(*self.args, **self.kwargs)
  File "/home/usc/ei/ega/.local/lib/python3.9/site-packages/joblib/parallel.py", line 598, in __call__
    return [func(*args, **kwargs)
  File "/home/usc/ei/ega/.local/lib/python3.9/site-packages/joblib/parallel.py", line 598, in <listcomp>
    return [func(*args, **kwargs)
  File "/mnt/netapp2/Store_uni/home/usc/ei/ega/diego/pyfrechet/simulations_SPD/ALL_main_parallel.py", line 174, in task
    q_25 = 2*np.sqrt(5)*(beta(2,2).ppf(.25)-1/2)
NameError: name 'beta' is not defined
"""

The above exception was the direct cause of the following exception:

Traceback (most recent call last):
  File "/mnt/netapp2/Store_uni/home/usc/ei/ega/diego/pyfrechet/simulations_SPD/ALL_main_parallel.py", line 251, in <module>
    Parallel(n_jobs=-1, verbose=2)(delayed(task)(file) for file in file_list)
  File "/home/usc/ei/ega/.local/lib/python3.9/site-packages/joblib/parallel.py", line 2007, in __call__
    return output if self.return_generator else list(output)
  File "/home/usc/ei/ega/.local/lib/python3.9/site-packages/joblib/parallel.py", line 1650, in _get_outputs
    yield from self._retrieve()
  File "/home/usc/ei/ega/.local/lib/python3.9/site-packages/joblib/parallel.py", line 1754, in _retrieve
    self._raise_error_fast()
  File "/home/usc/ei/ega/.local/lib/python3.9/site-packages/joblib/parallel.py", line 1789, in _raise_error_fast
    error_job.get_result(self.timeout)
  File "/home/usc/ei/ega/.local/lib/python3.9/site-packages/joblib/parallel.py", line 745, in get_result
    return self._return_or_raise()
  File "/home/usc/ei/ega/.local/lib/python3.9/site-packages/joblib/parallel.py", line 763, in _return_or_raise
    raise self._result
NameError: name 'beta' is not defined
/home/usc/ei/ega/.local/lib/python3.9/site-packages/joblib/externals/loky/backend/resource_tracker.py:314: UserWarning: resource_tracker: There appear to be 64 leaked semlock objects to clean up at shutdown
  warnings.warn(
Auto packing the repository in background for optimum performance.
See "git help gc" for manual housekeeping.
[main 665f507b5] Simulations SPD block 14
 506 files changed, 1172 insertions(+), 4 deletions(-)
 create mode 100644 11460921-SPD-block20.out
 create mode 100644 simulations_euc/results/euc_samp206_N100_sigma1.4_block_2_results.npy
 create mode 100644 simulations_euc/results/euc_samp206_N200_sigma0.9_block_2_results.npy
 create mode 100644 simulations_euc/results/euc_samp206_N200_sigma1.4_block_2_results.npy
 create mode 100644 simulations_euc/results/euc_samp206_N500_sigma0.9_block_2_results.npy
 create mode 100644 simulations_euc/results/euc_samp206_N500_sigma1.4_block_2_results.npy
 create mode 100644 simulations_euc/results/euc_samp206_N50_sigma0.9_block_2_results.npy
 create mode 100644 simulations_euc/results/euc_samp206_N50_sigma1.4_block_2_results.npy
 create mode 100644 simulations_euc/results/euc_samp207_N100_sigma0.9_block_2_results.npy
 create mode 100644 simulations_euc/results/euc_samp207_N100_sigma1.4_block_2_results.npy
 create mode 100644 simulations_euc/results/euc_samp207_N200_sigma0.9_block_2_results.npy
 create mode 100644 simulations_euc/results/euc_samp207_N200_sigma1.4_block_2_results.npy
 create mode 100644 simulations_euc/results/euc_samp207_N500_sigma0.9_block_2_results.npy
 create mode 100644 simulations_euc/results/euc_samp207_N500_sigma1.4_block_2_results.npy
 create mode 100644 simulations_euc/results/euc_samp207_N50_sigma0.9_block_2_results.npy
 create mode 100644 simulations_euc/results/euc_samp207_N50_sigma1.4_block_2_results.npy
 create mode 100644 simulations_euc/results/euc_samp208_N100_sigma0.9_block_2_results.npy
 create mode 100644 simulations_euc/results/euc_samp208_N100_sigma1.4_block_2_results.npy
 create mode 100644 simulations_euc/results/euc_samp208_N200_sigma0.9_block_2_results.npy
 create mode 100644 simulations_euc/results/euc_samp208_N200_sigma1.4_block_2_results.npy
 create mode 100644 simulations_euc/results/euc_samp208_N500_sigma0.9_block_2_results.npy
 create mode 100644 simulations_euc/results/euc_samp208_N500_sigma1.4_block_2_results.npy
 create mode 100644 simulations_euc/results/euc_samp208_N50_sigma0.9_block_2_results.npy
 create mode 100644 simulations_euc/results/euc_samp208_N50_sigma1.4_block_2_results.npy
 create mode 100644 simulations_euc/results/euc_samp209_N100_sigma0.9_block_2_results.npy
 create mode 100644 simulations_euc/results/euc_samp209_N100_sigma1.4_block_2_results.npy
 create mode 100644 simulations_euc/results/euc_samp209_N200_sigma0.9_block_2_results.npy
 create mode 100644 simulations_euc/results/euc_samp209_N200_sigma1.4_block_2_results.npy
 create mode 100644 simulations_euc/results/euc_samp209_N500_sigma0.9_block_2_results.npy
 create mode 100644 simulations_euc/results/euc_samp209_N500_sigma1.4_block_2_results.npy
 create mode 100644 simulations_euc/results/euc_samp209_N50_sigma0.9_block_2_results.npy
 create mode 100644 simulations_euc/results/euc_samp209_N50_sigma1.4_block_2_results.npy
 create mode 100644 simulations_euc/results/euc_samp210_N100_sigma0.9_block_2_results.npy
 create mode 100644 simulations_euc/results/euc_samp210_N100_sigma1.4_block_2_results.npy
 create mode 100644 simulations_euc/results/euc_samp210_N200_sigma0.9_block_2_results.npy
 create mode 100644 simulations_euc/results/euc_samp210_N200_sigma1.4_block_2_results.npy
 create mode 100644 simulations_euc/results/euc_samp210_N500_sigma0.9_block_2_results.npy
 create mode 100644 simulations_euc/results/euc_samp210_N500_sigma1.4_block_2_results.npy
 create mode 100644 simulations_euc/results/euc_samp210_N50_sigma0.9_block_2_results.npy
 create mode 100644 simulations_euc/results/euc_samp210_N50_sigma1.4_block_2_results.npy
 create mode 100644 simulations_euc/results/euc_samp211_N100_sigma0.9_block_2_results.npy
 create mode 100644 simulations_euc/results/euc_samp211_N100_sigma1.4_block_2_results.npy
 create mode 100644 simulations_euc/results/euc_samp211_N200_sigma0.9_block_2_results.npy
 create mode 100644 simulations_euc/results/euc_samp211_N200_sigma1.4_block_2_results.npy
 create mode 100644 simulations_euc/results/euc_samp211_N500_sigma0.9_block_2_results.npy
 create mode 100644 simulations_euc/results/euc_samp211_N500_sigma1.4_block_2_results.npy
 create mode 100644 simulations_euc/results/euc_samp211_N50_sigma0.9_block_2_results.npy
 create mode 100644 simulations_euc/results/euc_samp211_N50_sigma1.4_block_2_results.npy
 create mode 100644 simulations_euc/results/euc_samp212_N100_sigma0.9_block_2_results.npy
 create mode 100644 simulations_euc/results/euc_samp212_N100_sigma1.4_block_2_results.npy
 create mode 100644 simulations_euc/results/euc_samp212_N200_sigma0.9_block_2_results.npy
 create mode 100644 simulations_euc/results/euc_samp212_N200_sigma1.4_block_2_results.npy
 create mode 100644 simulations_euc/results/euc_samp212_N500_sigma0.9_block_2_results.npy
 create mode 100644 simulations_euc/results/euc_samp212_N500_sigma1.4_block_2_results.npy
 create mode 100644 simulations_euc/results/euc_samp212_N50_sigma0.9_block_2_results.npy
 create mode 100644 simulations_euc/results/euc_samp212_N50_sigma1.4_block_2_results.npy
 create mode 100644 simulations_euc/results/euc_samp213_N100_sigma0.9_block_2_results.npy
 create mode 100644 simulations_euc/results/euc_samp213_N100_sigma1.4_block_2_results.npy
 create mode 100644 simulations_euc/results/euc_samp213_N200_sigma0.9_block_2_results.npy
 create mode 100644 simulations_euc/results/euc_samp213_N200_sigma1.4_block_2_results.npy
 create mode 100644 simulations_euc/results/euc_samp213_N500_sigma0.9_block_2_results.npy
 create mode 100644 simulations_euc/results/euc_samp213_N500_sigma1.4_block_2_results.npy
 create mode 100644 simulations_euc/results/euc_samp213_N50_sigma0.9_block_2_results.npy
 create mode 100644 simulations_euc/results/euc_samp213_N50_sigma1.4_block_2_results.npy
 create mode 100644 simulations_euc/results/euc_samp214_N100_sigma0.9_block_2_results.npy
 create mode 100644 simulations_euc/results/euc_samp214_N100_sigma1.4_block_2_results.npy
 create mode 100644 simulations_euc/results/euc_samp214_N200_sigma0.9_block_2_results.npy
 create mode 100644 simulations_euc/results/euc_samp214_N200_sigma1.4_block_2_results.npy
 create mode 100644 simulations_euc/results/euc_samp214_N500_sigma0.9_block_2_results.npy
 create mode 100644 simulations_euc/results/euc_samp214_N500_sigma1.4_block_2_results.npy
 create mode 100644 simulations_euc/results/euc_samp214_N50_sigma0.9_block_2_results.npy
 create mode 100644 simulations_euc/results/euc_samp214_N50_sigma1.4_block_2_results.npy
 create mode 100644 simulations_euc/results/euc_samp215_N100_sigma0.9_block_2_results.npy
 create mode 100644 simulations_euc/results/euc_samp215_N100_sigma1.4_block_2_results.npy
 create mode 100644 simulations_euc/results/euc_samp215_N200_sigma0.9_block_2_results.npy
 create mode 100644 simulations_euc/results/euc_samp215_N200_sigma1.4_block_2_results.npy
 create mode 100644 simulations_euc/results/euc_samp215_N500_sigma0.9_block_2_results.npy
 create mode 100644 simulations_euc/results/euc_samp215_N500_sigma1.4_block_2_results.npy
 create mode 100644 simulations_euc/results/euc_samp215_N50_sigma0.9_block_2_results.npy
 create mode 100644 simulations_euc/results/euc_samp215_N50_sigma1.4_block_2_results.npy
 create mode 100644 simulations_euc/results/euc_samp216_N100_sigma0.9_block_2_results.npy
 create mode 100644 simulations_euc/results/euc_samp216_N100_sigma1.4_block_2_results.npy
 create mode 100644 simulations_euc/results/euc_samp216_N200_sigma0.9_block_2_results.npy
 create mode 100644 simulations_euc/results/euc_samp216_N200_sigma1.4_block_2_results.npy
 create mode 100644 simulations_euc/results/euc_samp216_N500_sigma0.9_block_2_results.npy
 create mode 100644 simulations_euc/results/euc_samp216_N500_sigma1.4_block_2_results.npy
 create mode 100644 simulations_euc/results/euc_samp216_N50_sigma0.9_block_2_results.npy
 create mode 100644 simulations_euc/results/euc_samp216_N50_sigma1.4_block_2_results.npy
 create mode 100644 simulations_euc/results/euc_samp217_N100_sigma0.9_block_2_results.npy
 create mode 100644 simulations_euc/results/euc_samp217_N100_sigma1.4_block_2_results.npy
 create mode 100644 simulations_euc/results/euc_samp217_N200_sigma0.9_block_2_results.npy
 create mode 100644 simulations_euc/results/euc_samp217_N200_sigma1.4_block_2_results.npy
 create mode 100644 simulations_euc/results/euc_samp217_N500_sigma0.9_block_2_results.npy
 create mode 100644 simulations_euc/results/euc_samp217_N500_sigma1.4_block_2_results.npy
 create mode 100644 simulations_euc/results/euc_samp217_N50_sigma0.9_block_2_results.npy
 create mode 100644 simulations_euc/results/euc_samp217_N50_sigma1.4_block_2_results.npy
 create mode 100644 simulations_euc/results/euc_samp218_N100_sigma0.9_block_2_results.npy
 create mode 100644 simulations_euc/results/euc_samp218_N100_sigma1.4_block_2_results.npy
 create mode 100644 simulations_euc/results/euc_samp218_N200_sigma0.9_block_2_results.npy
 create mode 100644 simulations_euc/results/euc_samp218_N200_sigma1.4_block_2_results.npy
 create mode 100644 simulations_euc/results/euc_samp218_N500_sigma0.9_block_2_results.npy
 create mode 100644 simulations_euc/results/euc_samp218_N500_sigma1.4_block_2_results.npy
 create mode 100644 simulations_euc/results/euc_samp218_N50_sigma0.9_block_2_results.npy
 create mode 100644 simulations_euc/results/euc_samp218_N50_sigma1.4_block_2_results.npy
 create mode 100644 simulations_euc/results/euc_samp219_N100_sigma0.9_block_2_results.npy
 create mode 100644 simulations_euc/results/euc_samp219_N100_sigma1.4_block_2_results.npy
 create mode 100644 simulations_euc/results/euc_samp219_N200_sigma0.9_block_2_results.npy
 create mode 100644 simulations_euc/results/euc_samp219_N200_sigma1.4_block_2_results.npy
 create mode 100644 simulations_euc/results/euc_samp219_N500_sigma0.9_block_2_results.npy
 create mode 100644 simulations_euc/results/euc_samp219_N500_sigma1.4_block_2_results.npy
 create mode 100644 simulations_euc/results/euc_samp219_N50_sigma0.9_block_2_results.npy
 create mode 100644 simulations_euc/results/euc_samp219_N50_sigma1.4_block_2_results.npy
 create mode 100644 simulations_euc/results/euc_samp220_N100_sigma0.9_block_2_results.npy
 create mode 100644 simulations_euc/results/euc_samp220_N100_sigma1.4_block_2_results.npy
 create mode 100644 simulations_euc/results/euc_samp220_N200_sigma0.9_block_2_results.npy
 create mode 100644 simulations_euc/results/euc_samp220_N200_sigma1.4_block_2_results.npy
 create mode 100644 simulations_euc/results/euc_samp220_N500_sigma0.9_block_2_results.npy
 create mode 100644 simulations_euc/results/euc_samp220_N50_sigma0.9_block_2_results.npy
 create mode 100644 simulations_euc/results/euc_samp220_N50_sigma1.4_block_2_results.npy
 create mode 100644 simulations_euc/results/euc_samp335_N500_sigma0.9_block_3_results.npy
 create mode 100644 simulations_euc/results/euc_samp335_N500_sigma1.4_block_3_results.npy
 create mode 100644 simulations_euc/results/euc_samp335_N50_sigma0.9_block_3_results.npy
 create mode 100644 simulations_euc/results/euc_samp335_N50_sigma1.4_block_3_results.npy
 create mode 100644 simulations_euc/results/euc_samp336_N100_sigma0.9_block_3_results.npy
 create mode 100644 simulations_euc/results/euc_samp336_N100_sigma1.4_block_3_results.npy
 create mode 100644 simulations_euc/results/euc_samp336_N200_sigma0.9_block_3_results.npy
 create mode 100644 simulations_euc/results/euc_samp336_N200_sigma1.4_block_3_results.npy
 create mode 100644 simulations_euc/results/euc_samp336_N500_sigma0.9_block_3_results.npy
 create mode 100644 simulations_euc/results/euc_samp336_N500_sigma1.4_block_3_results.npy
 create mode 100644 simulations_euc/results/euc_samp336_N50_sigma0.9_block_3_results.npy
 create mode 100644 simulations_euc/results/euc_samp336_N50_sigma1.4_block_3_results.npy
 create mode 100644 simulations_euc/results/euc_samp337_N100_sigma0.9_block_3_results.npy
 create mode 100644 simulations_euc/results/euc_samp337_N100_sigma1.4_block_3_results.npy
 create mode 100644 simulations_euc/results/euc_samp337_N200_sigma0.9_block_3_results.npy
 create mode 100644 simulations_euc/results/euc_samp337_N200_sigma1.4_block_3_results.npy
 create mode 100644 simulations_euc/results/euc_samp337_N500_sigma0.9_block_3_results.npy
 create mode 100644 simulations_euc/results/euc_samp337_N500_sigma1.4_block_3_results.npy
 create mode 100644 simulations_euc/results/euc_samp337_N50_sigma0.9_block_3_results.npy
 create mode 100644 simulations_euc/results/euc_samp337_N50_sigma1.4_block_3_results.npy
 create mode 100644 simulations_euc/results/euc_samp338_N100_sigma0.9_block_3_results.npy
 create mode 100644 simulations_euc/results/euc_samp338_N100_sigma1.4_block_3_results.npy
 create mode 100644 simulations_euc/results/euc_samp338_N200_sigma0.9_block_3_results.npy
 create mode 100644 simulations_euc/results/euc_samp338_N200_sigma1.4_block_3_results.npy
 create mode 100644 simulations_euc/results/euc_samp338_N500_sigma0.9_block_3_results.npy
 create mode 100644 simulations_euc/results/euc_samp338_N500_sigma1.4_block_3_results.npy
 create mode 100644 simulations_euc/results/euc_samp338_N50_sigma0.9_block_3_results.npy
 create mode 100644 simulations_euc/results/euc_samp338_N50_sigma1.4_block_3_results.npy
 create mode 100644 simulations_euc/results/euc_samp339_N100_sigma0.9_block_3_results.npy
 create mode 100644 simulations_euc/results/euc_samp339_N100_sigma1.4_block_3_results.npy
 create mode 100644 simulations_euc/results/euc_samp339_N200_sigma0.9_block_3_results.npy
 create mode 100644 simulations_euc/results/euc_samp339_N200_sigma1.4_block_3_results.npy
 create mode 100644 simulations_euc/results/euc_samp339_N500_sigma0.9_block_3_results.npy
 create mode 100644 simulations_euc/results/euc_samp339_N500_sigma1.4_block_3_results.npy
 create mode 100644 simulations_euc/results/euc_samp339_N50_sigma0.9_block_3_results.npy
 create mode 100644 simulations_euc/results/euc_samp339_N50_sigma1.4_block_3_results.npy
 create mode 100644 simulations_euc/results/euc_samp340_N100_sigma0.9_block_3_results.npy
 create mode 100644 simulations_euc/results/euc_samp340_N100_sigma1.4_block_3_results.npy
 create mode 100644 simulations_euc/results/euc_samp340_N200_sigma0.9_block_3_results.npy
 create mode 100644 simulations_euc/results/euc_samp340_N200_sigma1.4_block_3_results.npy
 create mode 100644 simulations_euc/results/euc_samp340_N500_sigma0.9_block_3_results.npy
 create mode 100644 simulations_euc/results/euc_samp340_N500_sigma1.4_block_3_results.npy
 create mode 100644 simulations_euc/results/euc_samp340_N50_sigma0.9_block_3_results.npy
 create mode 100644 simulations_euc/results/euc_samp340_N50_sigma1.4_block_3_results.npy
 create mode 100644 simulations_euc/results/euc_samp341_N100_sigma0.9_block_3_results.npy
 create mode 100644 simulations_euc/results/euc_samp341_N100_sigma1.4_block_3_results.npy
 create mode 100644 simulations_euc/results/euc_samp341_N200_sigma0.9_block_3_results.npy
 create mode 100644 simulations_euc/results/euc_samp341_N200_sigma1.4_block_3_results.npy
 create mode 100644 simulations_euc/results/euc_samp341_N500_sigma0.9_block_3_results.npy
 create mode 100644 simulations_euc/results/euc_samp341_N500_sigma1.4_block_3_results.npy
 create mode 100644 simulations_euc/results/euc_samp341_N50_sigma0.9_block_3_results.npy
 create mode 100644 simulations_euc/results/euc_samp341_N50_sigma1.4_block_3_results.npy
 create mode 100644 simulations_euc/results/euc_samp342_N100_sigma0.9_block_3_results.npy
 create mode 100644 simulations_euc/results/euc_samp342_N100_sigma1.4_block_3_results.npy
 create mode 100644 simulations_euc/results/euc_samp342_N200_sigma0.9_block_3_results.npy
 create mode 100644 simulations_euc/results/euc_samp342_N200_sigma1.4_block_3_results.npy
 create mode 100644 simulations_euc/results/euc_samp342_N500_sigma0.9_block_3_results.npy
 create mode 100644 simulations_euc/results/euc_samp342_N500_sigma1.4_block_3_results.npy
 create mode 100644 simulations_euc/results/euc_samp342_N50_sigma0.9_block_3_results.npy
 create mode 100644 simulations_euc/results/euc_samp342_N50_sigma1.4_block_3_results.npy
 create mode 100644 simulations_euc/results/euc_samp343_N100_sigma0.9_block_3_results.npy
 create mode 100644 simulations_euc/results/euc_samp343_N100_sigma1.4_block_3_results.npy
 create mode 100644 simulations_euc/results/euc_samp343_N200_sigma0.9_block_3_results.npy
 create mode 100644 simulations_euc/results/euc_samp343_N200_sigma1.4_block_3_results.npy
 create mode 100644 simulations_euc/results/euc_samp343_N500_sigma0.9_block_3_results.npy
 create mode 100644 simulations_euc/results/euc_samp343_N500_sigma1.4_block_3_results.npy
 create mode 100644 simulations_euc/results/euc_samp343_N50_sigma0.9_block_3_results.npy
 create mode 100644 simulations_euc/results/euc_samp343_N50_sigma1.4_block_3_results.npy
 create mode 100644 simulations_euc/results/euc_samp344_N100_sigma0.9_block_3_results.npy
 create mode 100644 simulations_euc/results/euc_samp344_N100_sigma1.4_block_3_results.npy
 create mode 100644 simulations_euc/results/euc_samp344_N200_sigma0.9_block_3_results.npy
 create mode 100644 simulations_euc/results/euc_samp344_N200_sigma1.4_block_3_results.npy
 create mode 100644 simulations_euc/results/euc_samp344_N500_sigma0.9_block_3_results.npy
 create mode 100644 simulations_euc/results/euc_samp344_N500_sigma1.4_block_3_results.npy
 create mode 100644 simulations_euc/results/euc_samp344_N50_sigma0.9_block_3_results.npy
 create mode 100644 simulations_euc/results/euc_samp344_N50_sigma1.4_block_3_results.npy
 create mode 100644 simulations_euc/results/euc_samp345_N100_sigma0.9_block_3_results.npy
 create mode 100644 simulations_euc/results/euc_samp345_N100_sigma1.4_block_3_results.npy
 create mode 100644 simulations_euc/results/euc_samp345_N200_sigma0.9_block_3_results.npy
 create mode 100644 simulations_euc/results/euc_samp345_N200_sigma1.4_block_3_results.npy
 create mode 100644 simulations_euc/results/euc_samp345_N500_sigma0.9_block_3_results.npy
 create mode 100644 simulations_euc/results/euc_samp345_N500_sigma1.4_block_3_results.npy
 create mode 100644 simulations_euc/results/euc_samp345_N50_sigma0.9_block_3_results.npy
 create mode 100644 simulations_euc/results/euc_samp345_N50_sigma1.4_block_3_results.npy
 create mode 100644 simulations_euc/results/euc_samp346_N100_sigma0.9_block_3_results.npy
 create mode 100644 simulations_euc/results/euc_samp346_N100_sigma1.4_block_3_results.npy
 create mode 100644 simulations_euc/results/euc_samp346_N200_sigma0.9_block_3_results.npy
 create mode 100644 simulations_euc/results/euc_samp346_N200_sigma1.4_block_3_results.npy
 create mode 100644 simulations_euc/results/euc_samp346_N500_sigma0.9_block_3_results.npy
 create mode 100644 simulations_euc/results/euc_samp346_N500_sigma1.4_block_3_results.npy
 create mode 100644 simulations_euc/results/euc_samp346_N50_sigma0.9_block_3_results.npy
 create mode 100644 simulations_euc/results/euc_samp346_N50_sigma1.4_block_3_results.npy
 create mode 100644 simulations_euc/results/euc_samp347_N100_sigma0.9_block_3_results.npy
 create mode 100644 simulations_euc/results/euc_samp347_N100_sigma1.4_block_3_results.npy
 create mode 100644 simulations_euc/results/euc_samp347_N200_sigma0.9_block_3_results.npy
 create mode 100644 simulations_euc/results/euc_samp347_N200_sigma1.4_block_3_results.npy
 create mode 100644 simulations_euc/results/euc_samp347_N500_sigma0.9_block_3_results.npy
 create mode 100644 simulations_euc/results/euc_samp347_N500_sigma1.4_block_3_results.npy
 create mode 100644 simulations_euc/results/euc_samp347_N50_sigma0.9_block_3_results.npy
 create mode 100644 simulations_euc/results/euc_samp347_N50_sigma1.4_block_3_results.npy
 create mode 100644 simulations_euc/results/euc_samp348_N100_sigma0.9_block_3_results.npy
 create mode 100644 simulations_euc/results/euc_samp348_N100_sigma1.4_block_3_results.npy
 create mode 100644 simulations_euc/results/euc_samp348_N200_sigma0.9_block_3_results.npy
 create mode 100644 simulations_euc/results/euc_samp348_N200_sigma1.4_block_3_results.npy
 create mode 100644 simulations_euc/results/euc_samp348_N500_sigma0.9_block_3_results.npy
 create mode 100644 simulations_euc/results/euc_samp348_N500_sigma1.4_block_3_results.npy
 create mode 100644 simulations_euc/results/euc_samp348_N50_sigma0.9_block_3_results.npy
 create mode 100644 simulations_euc/results/euc_samp348_N50_sigma1.4_block_3_results.npy
 create mode 100644 simulations_euc/results/euc_samp349_N100_sigma0.9_block_3_results.npy
 create mode 100644 simulations_euc/results/euc_samp349_N100_sigma1.4_block_3_results.npy
 create mode 100644 simulations_euc/results/euc_samp349_N200_sigma0.9_block_3_results.npy
 create mode 100644 simulations_euc/results/euc_samp349_N200_sigma1.4_block_3_results.npy
 create mode 100644 simulations_euc/results/euc_samp349_N500_sigma0.9_block_3_results.npy
 create mode 100644 simulations_euc/results/euc_samp349_N500_sigma1.4_block_3_results.npy
 create mode 100644 simulations_euc/results/euc_samp349_N50_sigma0.9_block_3_results.npy
 create mode 100644 simulations_euc/results/euc_samp349_N50_sigma1.4_block_3_results.npy
 create mode 100644 simulations_euc/results/euc_samp350_N100_sigma0.9_block_3_results.npy
 create mode 100644 simulations_euc/results/euc_samp350_N100_sigma1.4_block_3_results.npy
 create mode 100644 simulations_euc/results/euc_samp350_N200_sigma0.9_block_3_results.npy
 create mode 100644 simulations_euc/results/euc_samp350_N200_sigma1.4_block_3_results.npy
 create mode 100644 simulations_euc/results/euc_samp350_N50_sigma0.9_block_3_results.npy
 create mode 100644 simulations_euc/results/euc_samp350_N50_sigma1.4_block_3_results.npy
 create mode 100644 simulations_euc/results/euc_samp465_N100_sigma1.4_block_4_results.npy
 create mode 100644 simulations_euc/results/euc_samp465_N200_sigma0.9_block_4_results.npy
 create mode 100644 simulations_euc/results/euc_samp465_N200_sigma1.4_block_4_results.npy
 create mode 100644 simulations_euc/results/euc_samp465_N500_sigma0.9_block_4_results.npy
 create mode 100644 simulations_euc/results/euc_samp465_N500_sigma1.4_block_4_results.npy
 create mode 100644 simulations_euc/results/euc_samp465_N50_sigma0.9_block_4_results.npy
 create mode 100644 simulations_euc/results/euc_samp465_N50_sigma1.4_block_4_results.npy
 create mode 100644 simulations_euc/results/euc_samp466_N100_sigma0.9_block_4_results.npy
 create mode 100644 simulations_euc/results/euc_samp466_N100_sigma1.4_block_4_results.npy
 create mode 100644 simulations_euc/results/euc_samp466_N200_sigma0.9_block_4_results.npy
 create mode 100644 simulations_euc/results/euc_samp466_N200_sigma1.4_block_4_results.npy
 create mode 100644 simulations_euc/results/euc_samp466_N500_sigma0.9_block_4_results.npy
 create mode 100644 simulations_euc/results/euc_samp466_N500_sigma1.4_block_4_results.npy
 create mode 100644 simulations_euc/results/euc_samp466_N50_sigma0.9_block_4_results.npy
 create mode 100644 simulations_euc/results/euc_samp466_N50_sigma1.4_block_4_results.npy
 create mode 100644 simulations_euc/results/euc_samp467_N100_sigma0.9_block_4_results.npy
 create mode 100644 simulations_euc/results/euc_samp467_N100_sigma1.4_block_4_results.npy
 create mode 100644 simulations_euc/results/euc_samp467_N200_sigma0.9_block_4_results.npy
 create mode 100644 simulations_euc/results/euc_samp467_N200_sigma1.4_block_4_results.npy
 create mode 100644 simulations_euc/results/euc_samp467_N500_sigma0.9_block_4_results.npy
 create mode 100644 simulations_euc/results/euc_samp467_N500_sigma1.4_block_4_results.npy
 create mode 100644 simulations_euc/results/euc_samp467_N50_sigma0.9_block_4_results.npy
 create mode 100644 simulations_euc/results/euc_samp467_N50_sigma1.4_block_4_results.npy
 create mode 100644 simulations_euc/results/euc_samp468_N100_sigma0.9_block_4_results.npy
 create mode 100644 simulations_euc/results/euc_samp468_N100_sigma1.4_block_4_results.npy
 create mode 100644 simulations_euc/results/euc_samp468_N200_sigma0.9_block_4_results.npy
 create mode 100644 simulations_euc/results/euc_samp468_N200_sigma1.4_block_4_results.npy
 create mode 100644 simulations_euc/results/euc_samp468_N500_sigma0.9_block_4_results.npy
 create mode 100644 simulations_euc/results/euc_samp468_N500_sigma1.4_block_4_results.npy
 create mode 100644 simulations_euc/results/euc_samp468_N50_sigma0.9_block_4_results.npy
 create mode 100644 simulations_euc/results/euc_samp468_N50_sigma1.4_block_4_results.npy
 create mode 100644 simulations_euc/results/euc_samp469_N100_sigma0.9_block_4_results.npy
 create mode 100644 simulations_euc/results/euc_samp469_N100_sigma1.4_block_4_results.npy
 create mode 100644 simulations_euc/results/euc_samp469_N200_sigma0.9_block_4_results.npy
 create mode 100644 simulations_euc/results/euc_samp469_N200_sigma1.4_block_4_results.npy
 create mode 100644 simulations_euc/results/euc_samp469_N500_sigma0.9_block_4_results.npy
 create mode 100644 simulations_euc/results/euc_samp469_N500_sigma1.4_block_4_results.npy
 create mode 100644 simulations_euc/results/euc_samp469_N50_sigma0.9_block_4_results.npy
 create mode 100644 simulations_euc/results/euc_samp469_N50_sigma1.4_block_4_results.npy
 create mode 100644 simulations_euc/results/euc_samp470_N100_sigma0.9_block_4_results.npy
 create mode 100644 simulations_euc/results/euc_samp470_N100_sigma1.4_block_4_results.npy
 create mode 100644 simulations_euc/results/euc_samp470_N200_sigma0.9_block_4_results.npy
 create mode 100644 simulations_euc/results/euc_samp470_N200_sigma1.4_block_4_results.npy
 create mode 100644 simulations_euc/results/euc_samp470_N500_sigma0.9_block_4_results.npy
 create mode 100644 simulations_euc/results/euc_samp470_N500_sigma1.4_block_4_results.npy
 create mode 100644 simulations_euc/results/euc_samp470_N50_sigma0.9_block_4_results.npy
 create mode 100644 simulations_euc/results/euc_samp470_N50_sigma1.4_block_4_results.npy
 create mode 100644 simulations_euc/results/euc_samp471_N100_sigma0.9_block_4_results.npy
 create mode 100644 simulations_euc/results/euc_samp471_N100_sigma1.4_block_4_results.npy
 create mode 100644 simulations_euc/results/euc_samp471_N200_sigma0.9_block_4_results.npy
 create mode 100644 simulations_euc/results/euc_samp471_N200_sigma1.4_block_4_results.npy
 create mode 100644 simulations_euc/results/euc_samp471_N500_sigma0.9_block_4_results.npy
 create mode 100644 simulations_euc/results/euc_samp471_N500_sigma1.4_block_4_results.npy
 create mode 100644 simulations_euc/results/euc_samp471_N50_sigma0.9_block_4_results.npy
 create mode 100644 simulations_euc/results/euc_samp471_N50_sigma1.4_block_4_results.npy
 create mode 100644 simulations_euc/results/euc_samp472_N100_sigma0.9_block_4_results.npy
 create mode 100644 simulations_euc/results/euc_samp472_N100_sigma1.4_block_4_results.npy
 create mode 100644 simulations_euc/results/euc_samp472_N200_sigma0.9_block_4_results.npy
 create mode 100644 simulations_euc/results/euc_samp472_N200_sigma1.4_block_4_results.npy
 create mode 100644 simulations_euc/results/euc_samp472_N500_sigma0.9_block_4_results.npy
 create mode 100644 simulations_euc/results/euc_samp472_N500_sigma1.4_block_4_results.npy
 create mode 100644 simulations_euc/results/euc_samp472_N50_sigma0.9_block_4_results.npy
 create mode 100644 simulations_euc/results/euc_samp472_N50_sigma1.4_block_4_results.npy
 create mode 100644 simulations_euc/results/euc_samp473_N100_sigma0.9_block_4_results.npy
 create mode 100644 simulations_euc/results/euc_samp473_N100_sigma1.4_block_4_results.npy
 create mode 100644 simulations_euc/results/euc_samp473_N200_sigma0.9_block_4_results.npy
 create mode 100644 simulations_euc/results/euc_samp473_N200_sigma1.4_block_4_results.npy
 create mode 100644 simulations_euc/results/euc_samp473_N500_sigma0.9_block_4_results.npy
 create mode 100644 simulations_euc/results/euc_samp473_N500_sigma1.4_block_4_results.npy
 create mode 100644 simulations_euc/results/euc_samp473_N50_sigma0.9_block_4_results.npy
 create mode 100644 simulations_euc/results/euc_samp473_N50_sigma1.4_block_4_results.npy
 create mode 100644 simulations_euc/results/euc_samp474_N100_sigma0.9_block_4_results.npy
 create mode 100644 simulations_euc/results/euc_samp474_N100_sigma1.4_block_4_results.npy
 create mode 100644 simulations_euc/results/euc_samp474_N200_sigma0.9_block_4_results.npy
 create mode 100644 simulations_euc/results/euc_samp474_N200_sigma1.4_block_4_results.npy
 create mode 100644 simulations_euc/results/euc_samp474_N500_sigma0.9_block_4_results.npy
 create mode 100644 simulations_euc/results/euc_samp474_N500_sigma1.4_block_4_results.npy
 create mode 100644 simulations_euc/results/euc_samp474_N50_sigma0.9_block_4_results.npy
 create mode 100644 simulations_euc/results/euc_samp474_N50_sigma1.4_block_4_results.npy
 create mode 100644 simulations_euc/results/euc_samp475_N100_sigma0.9_block_4_results.npy
 create mode 100644 simulations_euc/results/euc_samp475_N100_sigma1.4_block_4_results.npy
 create mode 100644 simulations_euc/results/euc_samp475_N200_sigma0.9_block_4_results.npy
 create mode 100644 simulations_euc/results/euc_samp475_N200_sigma1.4_block_4_results.npy
 create mode 100644 simulations_euc/results/euc_samp475_N500_sigma0.9_block_4_results.npy
 create mode 100644 simulations_euc/results/euc_samp475_N500_sigma1.4_block_4_results.npy
 create mode 100644 simulations_euc/results/euc_samp475_N50_sigma0.9_block_4_results.npy
 create mode 100644 simulations_euc/results/euc_samp475_N50_sigma1.4_block_4_results.npy
 create mode 100644 simulations_euc/results/euc_samp476_N100_sigma0.9_block_4_results.npy
 create mode 100644 simulations_euc/results/euc_samp476_N100_sigma1.4_block_4_results.npy
 create mode 100644 simulations_euc/results/euc_samp476_N200_sigma0.9_block_4_results.npy
 create mode 100644 simulations_euc/results/euc_samp476_N200_sigma1.4_block_4_results.npy
 create mode 100644 simulations_euc/results/euc_samp476_N500_sigma0.9_block_4_results.npy
 create mode 100644 simulations_euc/results/euc_samp476_N500_sigma1.4_block_4_results.npy
 create mode 100644 simulations_euc/results/euc_samp476_N50_sigma0.9_block_4_results.npy
 create mode 100644 simulations_euc/results/euc_samp476_N50_sigma1.4_block_4_results.npy
 create mode 100644 simulations_euc/results/euc_samp477_N100_sigma0.9_block_4_results.npy
 create mode 100644 simulations_euc/results/euc_samp477_N100_sigma1.4_block_4_results.npy
 create mode 100644 simulations_euc/results/euc_samp477_N200_sigma0.9_block_4_results.npy
 create mode 100644 simulations_euc/results/euc_samp477_N200_sigma1.4_block_4_results.npy
 create mode 100644 simulations_euc/results/euc_samp477_N500_sigma0.9_block_4_results.npy
 create mode 100644 simulations_euc/results/euc_samp477_N500_sigma1.4_block_4_results.npy
 create mode 100644 simulations_euc/results/euc_samp477_N50_sigma0.9_block_4_results.npy
 create mode 100644 simulations_euc/results/euc_samp477_N50_sigma1.4_block_4_results.npy
 create mode 100644 simulations_euc/results/euc_samp478_N100_sigma0.9_block_4_results.npy
 create mode 100644 simulations_euc/results/euc_samp478_N100_sigma1.4_block_4_results.npy
 create mode 100644 simulations_euc/results/euc_samp478_N200_sigma0.9_block_4_results.npy
 create mode 100644 simulations_euc/results/euc_samp478_N200_sigma1.4_block_4_results.npy
 create mode 100644 simulations_euc/results/euc_samp478_N500_sigma0.9_block_4_results.npy
 create mode 100644 simulations_euc/results/euc_samp478_N500_sigma1.4_block_4_results.npy
 create mode 100644 simulations_euc/results/euc_samp478_N50_sigma0.9_block_4_results.npy
 create mode 100644 simulations_euc/results/euc_samp478_N50_sigma1.4_block_4_results.npy
 create mode 100644 simulations_euc/results/euc_samp479_N100_sigma0.9_block_4_results.npy
 create mode 100644 simulations_euc/results/euc_samp479_N100_sigma1.4_block_4_results.npy
 create mode 100644 simulations_euc/results/euc_samp479_N200_sigma0.9_block_4_results.npy
 create mode 100644 simulations_euc/results/euc_samp479_N200_sigma1.4_block_4_results.npy
 create mode 100644 simulations_euc/results/euc_samp479_N500_sigma0.9_block_4_results.npy
 create mode 100644 simulations_euc/results/euc_samp479_N500_sigma1.4_block_4_results.npy
 create mode 100644 simulations_euc/results/euc_samp479_N50_sigma0.9_block_4_results.npy
 create mode 100644 simulations_euc/results/euc_samp479_N50_sigma1.4_block_4_results.npy
 create mode 100644 simulations_euc/results/euc_samp480_N100_sigma0.9_block_4_results.npy
 create mode 100644 simulations_euc/results/euc_samp480_N100_sigma1.4_block_4_results.npy
 create mode 100644 simulations_euc/results/euc_samp480_N200_sigma0.9_block_4_results.npy
 create mode 100644 simulations_euc/results/euc_samp480_N200_sigma1.4_block_4_results.npy
 create mode 100644 simulations_euc/results/euc_samp480_N50_sigma0.9_block_4_results.npy
 create mode 100644 simulations_euc/results/euc_samp69_N500_sigma0.9_block_1_results.npy
 create mode 100644 simulations_euc/results/euc_samp69_N500_sigma1.4_block_1_results.npy
 create mode 100644 simulations_euc/results/euc_samp69_N50_sigma0.9_block_1_results.npy
 create mode 100644 simulations_euc/results/euc_samp69_N50_sigma1.4_block_1_results.npy
 create mode 100644 simulations_euc/results/euc_samp6_N100_sigma0.9_block_1_results.npy
 create mode 100644 simulations_euc/results/euc_samp6_N100_sigma1.4_block_1_results.npy
 create mode 100644 simulations_euc/results/euc_samp6_N200_sigma0.9_block_1_results.npy
 create mode 100644 simulations_euc/results/euc_samp6_N200_sigma1.4_block_1_results.npy
 create mode 100644 simulations_euc/results/euc_samp6_N500_sigma0.9_block_1_results.npy
 create mode 100644 simulations_euc/results/euc_samp6_N500_sigma1.4_block_1_results.npy
 create mode 100644 simulations_euc/results/euc_samp6_N50_sigma0.9_block_1_results.npy
 create mode 100644 simulations_euc/results/euc_samp6_N50_sigma1.4_block_1_results.npy
 create mode 100644 simulations_euc/results/euc_samp70_N100_sigma0.9_block_1_results.npy
 create mode 100644 simulations_euc/results/euc_samp70_N100_sigma1.4_block_1_results.npy
 create mode 100644 simulations_euc/results/euc_samp70_N200_sigma0.9_block_1_results.npy
 create mode 100644 simulations_euc/results/euc_samp70_N200_sigma1.4_block_1_results.npy
 create mode 100644 simulations_euc/results/euc_samp70_N500_sigma0.9_block_1_results.npy
 create mode 100644 simulations_euc/results/euc_samp70_N500_sigma1.4_block_1_results.npy
 create mode 100644 simulations_euc/results/euc_samp70_N50_sigma0.9_block_1_results.npy
 create mode 100644 simulations_euc/results/euc_samp70_N50_sigma1.4_block_1_results.npy
 create mode 100644 simulations_euc/results/euc_samp71_N100_sigma0.9_block_1_results.npy
 create mode 100644 simulations_euc/results/euc_samp71_N100_sigma1.4_block_1_results.npy
 create mode 100644 simulations_euc/results/euc_samp71_N200_sigma0.9_block_1_results.npy
 create mode 100644 simulations_euc/results/euc_samp71_N200_sigma1.4_block_1_results.npy
 create mode 100644 simulations_euc/results/euc_samp71_N500_sigma0.9_block_1_results.npy
 create mode 100644 simulations_euc/results/euc_samp71_N500_sigma1.4_block_1_results.npy
 create mode 100644 simulations_euc/results/euc_samp71_N50_sigma0.9_block_1_results.npy
 create mode 100644 simulations_euc/results/euc_samp71_N50_sigma1.4_block_1_results.npy
 create mode 100644 simulations_euc/results/euc_samp72_N100_sigma0.9_block_1_results.npy
 create mode 100644 simulations_euc/results/euc_samp72_N100_sigma1.4_block_1_results.npy
 create mode 100644 simulations_euc/results/euc_samp72_N200_sigma0.9_block_1_results.npy
 create mode 100644 simulations_euc/results/euc_samp72_N200_sigma1.4_block_1_results.npy
 create mode 100644 simulations_euc/results/euc_samp72_N500_sigma0.9_block_1_results.npy
 create mode 100644 simulations_euc/results/euc_samp72_N500_sigma1.4_block_1_results.npy
 create mode 100644 simulations_euc/results/euc_samp72_N50_sigma0.9_block_1_results.npy
 create mode 100644 simulations_euc/results/euc_samp72_N50_sigma1.4_block_1_results.npy
 create mode 100644 simulations_euc/results/euc_samp73_N100_sigma0.9_block_1_results.npy
 create mode 100644 simulations_euc/results/euc_samp73_N100_sigma1.4_block_1_results.npy
 create mode 100644 simulations_euc/results/euc_samp73_N200_sigma0.9_block_1_results.npy
 create mode 100644 simulations_euc/results/euc_samp73_N200_sigma1.4_block_1_results.npy
 create mode 100644 simulations_euc/results/euc_samp73_N500_sigma0.9_block_1_results.npy
 create mode 100644 simulations_euc/results/euc_samp73_N500_sigma1.4_block_1_results.npy
 create mode 100644 simulations_euc/results/euc_samp73_N50_sigma0.9_block_1_results.npy
 create mode 100644 simulations_euc/results/euc_samp73_N50_sigma1.4_block_1_results.npy
 create mode 100644 simulations_euc/results/euc_samp74_N100_sigma0.9_block_1_results.npy
 create mode 100644 simulations_euc/results/euc_samp74_N100_sigma1.4_block_1_results.npy
 create mode 100644 simulations_euc/results/euc_samp74_N200_sigma0.9_block_1_results.npy
 create mode 100644 simulations_euc/results/euc_samp74_N200_sigma1.4_block_1_results.npy
 create mode 100644 simulations_euc/results/euc_samp74_N500_sigma0.9_block_1_results.npy
 create mode 100644 simulations_euc/results/euc_samp74_N500_sigma1.4_block_1_results.npy
 create mode 100644 simulations_euc/results/euc_samp74_N50_sigma0.9_block_1_results.npy
 create mode 100644 simulations_euc/results/euc_samp74_N50_sigma1.4_block_1_results.npy
 create mode 100644 simulations_euc/results/euc_samp75_N100_sigma0.9_block_1_results.npy
 create mode 100644 simulations_euc/results/euc_samp75_N100_sigma1.4_block_1_results.npy
 create mode 100644 simulations_euc/results/euc_samp75_N200_sigma0.9_block_1_results.npy
 create mode 100644 simulations_euc/results/euc_samp75_N200_sigma1.4_block_1_results.npy
 create mode 100644 simulations_euc/results/euc_samp75_N500_sigma0.9_block_1_results.npy
 create mode 100644 simulations_euc/results/euc_samp75_N500_sigma1.4_block_1_results.npy
 create mode 100644 simulations_euc/results/euc_samp75_N50_sigma0.9_block_1_results.npy
 create mode 100644 simulations_euc/results/euc_samp75_N50_sigma1.4_block_1_results.npy
 create mode 100644 simulations_euc/results/euc_samp76_N100_sigma0.9_block_1_results.npy
 create mode 100644 simulations_euc/results/euc_samp76_N100_sigma1.4_block_1_results.npy
 create mode 100644 simulations_euc/results/euc_samp76_N200_sigma0.9_block_1_results.npy
 create mode 100644 simulations_euc/results/euc_samp76_N200_sigma1.4_block_1_results.npy
 create mode 100644 simulations_euc/results/euc_samp76_N500_sigma0.9_block_1_results.npy
 create mode 100644 simulations_euc/results/euc_samp76_N500_sigma1.4_block_1_results.npy
 create mode 100644 simulations_euc/results/euc_samp76_N50_sigma0.9_block_1_results.npy
 create mode 100644 simulations_euc/results/euc_samp76_N50_sigma1.4_block_1_results.npy
 create mode 100644 simulations_euc/results/euc_samp77_N100_sigma0.9_block_1_results.npy
 create mode 100644 simulations_euc/results/euc_samp77_N100_sigma1.4_block_1_results.npy
 create mode 100644 simulations_euc/results/euc_samp77_N200_sigma0.9_block_1_results.npy
 create mode 100644 simulations_euc/results/euc_samp77_N200_sigma1.4_block_1_results.npy
 create mode 100644 simulations_euc/results/euc_samp77_N500_sigma0.9_block_1_results.npy
 create mode 100644 simulations_euc/results/euc_samp77_N500_sigma1.4_block_1_results.npy
 create mode 100644 simulations_euc/results/euc_samp77_N50_sigma0.9_block_1_results.npy
 create mode 100644 simulations_euc/results/euc_samp77_N50_sigma1.4_block_1_results.npy
 create mode 100644 simulations_euc/results/euc_samp78_N100_sigma0.9_block_1_results.npy
 create mode 100644 simulations_euc/results/euc_samp78_N100_sigma1.4_block_1_results.npy
 create mode 100644 simulations_euc/results/euc_samp78_N200_sigma0.9_block_1_results.npy
 create mode 100644 simulations_euc/results/euc_samp78_N200_sigma1.4_block_1_results.npy
 create mode 100644 simulations_euc/results/euc_samp78_N500_sigma0.9_block_1_results.npy
 create mode 100644 simulations_euc/results/euc_samp78_N500_sigma1.4_block_1_results.npy
 create mode 100644 simulations_euc/results/euc_samp78_N50_sigma0.9_block_1_results.npy
 create mode 100644 simulations_euc/results/euc_samp78_N50_sigma1.4_block_1_results.npy
 create mode 100644 simulations_euc/results/euc_samp79_N100_sigma0.9_block_1_results.npy
 create mode 100644 simulations_euc/results/euc_samp79_N100_sigma1.4_block_1_results.npy
 create mode 100644 simulations_euc/results/euc_samp79_N200_sigma0.9_block_1_results.npy
 create mode 100644 simulations_euc/results/euc_samp79_N200_sigma1.4_block_1_results.npy
 create mode 100644 simulations_euc/results/euc_samp79_N500_sigma0.9_block_1_results.npy
 create mode 100644 simulations_euc/results/euc_samp79_N500_sigma1.4_block_1_results.npy
 create mode 100644 simulations_euc/results/euc_samp79_N50_sigma0.9_block_1_results.npy
 create mode 100644 simulations_euc/results/euc_samp79_N50_sigma1.4_block_1_results.npy
 create mode 100644 simulations_euc/results/euc_samp7_N100_sigma0.9_block_1_results.npy
 create mode 100644 simulations_euc/results/euc_samp7_N100_sigma1.4_block_1_results.npy
 create mode 100644 simulations_euc/results/euc_samp7_N200_sigma0.9_block_1_results.npy
 create mode 100644 simulations_euc/results/euc_samp7_N200_sigma1.4_block_1_results.npy
 create mode 100644 simulations_euc/results/euc_samp7_N500_sigma0.9_block_1_results.npy
 create mode 100644 simulations_euc/results/euc_samp7_N500_sigma1.4_block_1_results.npy
 create mode 100644 simulations_euc/results/euc_samp7_N50_sigma0.9_block_1_results.npy
 create mode 100644 simulations_euc/results/euc_samp7_N50_sigma1.4_block_1_results.npy
 create mode 100644 simulations_euc/results/euc_samp80_N100_sigma0.9_block_1_results.npy
 create mode 100644 simulations_euc/results/euc_samp80_N100_sigma1.4_block_1_results.npy
 create mode 100644 simulations_euc/results/euc_samp80_N200_sigma0.9_block_1_results.npy
 create mode 100644 simulations_euc/results/euc_samp80_N200_sigma1.4_block_1_results.npy
 create mode 100644 simulations_euc/results/euc_samp80_N500_sigma0.9_block_1_results.npy
 create mode 100644 simulations_euc/results/euc_samp80_N500_sigma1.4_block_1_results.npy
 create mode 100644 simulations_euc/results/euc_samp80_N50_sigma0.9_block_1_results.npy
 create mode 100644 simulations_euc/results/euc_samp80_N50_sigma1.4_block_1_results.npy
 create mode 100644 simulations_euc/results/euc_samp81_N100_sigma0.9_block_1_results.npy
 create mode 100644 simulations_euc/results/euc_samp81_N100_sigma1.4_block_1_results.npy
 create mode 100644 simulations_euc/results/euc_samp81_N200_sigma0.9_block_1_results.npy
 create mode 100644 simulations_euc/results/euc_samp81_N200_sigma1.4_block_1_results.npy
 create mode 100644 simulations_euc/results/euc_samp81_N500_sigma0.9_block_1_results.npy
 create mode 100644 simulations_euc/results/euc_samp81_N500_sigma1.4_block_1_results.npy
 create mode 100644 simulations_euc/results/euc_samp81_N50_sigma0.9_block_1_results.npy
 create mode 100644 simulations_euc/results/euc_samp81_N50_sigma1.4_block_1_results.npy
 create mode 100644 simulations_euc/results/euc_samp82_N100_sigma0.9_block_1_results.npy
 create mode 100644 simulations_euc/results/euc_samp82_N100_sigma1.4_block_1_results.npy
 create mode 100644 simulations_euc/results/euc_samp82_N200_sigma0.9_block_1_results.npy
 create mode 100644 simulations_euc/results/euc_samp82_N200_sigma1.4_block_1_results.npy
 create mode 100644 simulations_euc/results/euc_samp82_N500_sigma0.9_block_1_results.npy
 create mode 100644 simulations_euc/results/euc_samp82_N500_sigma1.4_block_1_results.npy
 create mode 100644 simulations_euc/results/euc_samp82_N50_sigma0.9_block_1_results.npy
 create mode 100644 simulations_euc/results/euc_samp82_N50_sigma1.4_block_1_results.npy
 create mode 100644 simulations_euc/results/euc_samp83_N100_sigma0.9_block_1_results.npy
 create mode 100644 simulations_euc/results/euc_samp83_N100_sigma1.4_block_1_results.npy
 create mode 100644 simulations_euc/results/euc_samp83_N200_sigma0.9_block_1_results.npy
 create mode 100644 simulations_euc/results/euc_samp83_N200_sigma1.4_block_1_results.npy
 create mode 100644 simulations_euc/results/euc_samp83_N50_sigma0.9_block_1_results.npy
 create mode 100644 simulations_euc/results/euc_samp83_N50_sigma1.4_block_1_results.npy
 create mode 100644 simulations_euc/results/euc_samp84_N100_sigma0.9_block_1_results.npy
To github.com:egarpor/pyfrechet.git
   e902c7ff5..665f507b5  main -> main

*****************************************************************************
*                                                                           *
*                    JOB EFFICIENCY REPORT (seff 11460915)                   *
*                                                                           *
*****************************************************************************

Job ID: 11460915
Cluster: finisterrae3
User/Group: usceiega/usc
State: COMPLETED (exit code 0)
Nodes: 1
Cores per node: 32
CPU Utilized: 04:38:35
CPU Efficiency: 85.49% of 05:25:52 core-walltime
Job Wall-clock time: 00:10:11
Memory Utilized: 4.93 GB
Memory Efficiency: 30.81% of 16.00 GB

 +++++++++++++++++++++++++++++++++++++++++++++++++++++++++++++++++++++++++++
 ++   Memory Efficiency is too small. Please review the requested memory. ++
 ++ It seems that you do not need that much memory so we recommend        ++
 ++ requesting less memory in other similar jobs.                         ++
 +++++++++++++++++++++++++++++++++++++++++++++++++++++++++++++++++++++++++++
 
*****************************************************************************

